---
source: tests/element_attributes.rs
expression: ast
---
Ast {
    tree_type: DocumentFragment,
    nodes: [
        Element(
            Element {
                name: "div",
                variant: Normal,
                attributes: {
                    "id": Some(
                        "one",
                    ),
                },
                nodes: [],
            },
        ),
    ],
}
