---
source: tests/element.rs
expression: ast
---
{
  "treeType": "documentFragment",
  "nodes": [
    {
      "element": {
        "name": "style",
        "variant": "void",
        "attributes": {},
        "nodes": [
          {
            "text": ":root {\n        --background-color: black;\n        --text-color: white;\n    }\n    body {\n        background: var(--background-color);\n        color: var(--text-color);\n    }"
          }
        ]
      }
    }
  ]
}
