---
source: tests/element.rs
expression: ast
---
{
  "treeType": "documentFragment",
  "nodes": [
    {
      "element": {
        "name": "div",
        "variant": "normal",
        "attributes": {},
        "nodes": []
      }
    },
    {
      "element": {
        "name": "div",
        "variant": "normal",
        "attributes": {},
        "nodes": []
      }
    }
  ]
}
