---
source: tests/element.rs
expression: dom
---
{
  "treeType": "documentFragment",
  "children": [
    "<div>",
    {
      "name": "div",
      "variant": "normal",
      "children": [
        {
          "name": "div",
          "variant": "normal",
          "children": [
            {
              "name": "div",
              "variant": "normal"
            }
          ]
        }
      ]
    }
  ]
}
