---
source: tests/element.rs
expression: ast
---
{
  "treeType": "documentFragment",
  "nodes": [
    {
      "element": {
        "id": null,
        "name": "div",
        "variant": "normal",
        "attributes": {},
        "classes": [
          "1"
        ],
        "nodes": [
          {
            "element": {
              "id": null,
              "name": "div",
              "variant": "normal",
              "attributes": {},
              "classes": [
                "1"
              ],
              "nodes": [
                {
                  "element": {
                    "id": null,
                    "name": "div",
                    "variant": "normal",
                    "attributes": {},
                    "classes": [
                      "1"
                    ],
                    "nodes": [
                      {
                        "element": {
                          "id": null,
                          "name": "div",
                          "variant": "normal",
                          "attributes": {},
                          "classes": [
                            "1"
                          ],
                          "nodes": [
                            {
                              "element": {
                                "id": null,
                                "name": "div",
                                "variant": "normal",
                                "attributes": {},
                                "classes": [
                                  "1"
                                ],
                                "nodes": [
                                  {
                                    "element": {
                                      "id": null,
                                      "name": "div",
                                      "variant": "normal",
                                      "attributes": {},
                                      "classes": [
                                        "1"
                                      ],
                                      "nodes": [
                                        {
                                          "element": {
                                            "id": null,
                                            "name": "div",
                                            "variant": "normal",
                                            "attributes": {},
                                            "classes": [
                                              "1"
                                            ],
                                            "nodes": [
                                              {
                                                "element": {
                                                  "id": null,
                                                  "name": "div",
                                                  "variant": "normal",
                                                  "attributes": {},
                                                  "classes": [
                                                    "1"
                                                  ],
                                                  "nodes": [
                                                    {
                                                      "text": "hello world"
                                                    }
                                                  ]
                                                }
                                              }
                                            ]
                                          }
                                        }
                                      ]
                                    }
                                  }
                                ]
                              }
                            }
                          ]
                        }
                      }
                    ]
                  }
                }
              ]
            }
          }
        ]
      }
    }
  ]
}
