---
source: tests/element.rs
expression: ast
---
{
  "treeType": "documentFragment",
  "nodes": [
    {
      "element": {
        "name": "div",
        "variant": "normal",
        "attributes": {},
        "nodes": [
          {
            "element": {
              "name": "div",
              "variant": "void",
              "attributes": {},
              "nodes": []
            }
          },
          {
            "text": "Hello"
          },
          {
            "element": {
              "name": "div",
              "variant": "normal",
              "attributes": {},
              "nodes": [
                {
                  "text": "World"
                }
              ]
            }
          }
        ]
      }
    }
  ]
}
