---
source: tests/element.rs
expression: ast
---
{
  "treeType": "documentFragment",
  "nodes": [
    {
      "element": {
        "name": "div",
        "variant": "normal",
        "attributes": {
          "id": "123"
        },
        "nodes": []
      }
    },
    {
      "element": {
        "name": "div",
        "variant": "normal",
        "attributes": {
          "id": "321"
        },
        "nodes": []
      }
    }
  ]
}
