---
source: tests/output.rs
expression: ast
---
{
  "treeType": "document",
  "nodes": [
    {
      "element": {
        "id": null,
        "name": "html",
        "variant": "normal",
        "attributes": {
          "lang": "sv"
        },
        "classes": [],
        "nodes": [
          {
            "element": {
              "id": null,
              "name": "head",
              "variant": "normal",
              "attributes": {},
              "classes": [],
              "nodes": [
                {
                  "element": {
                    "id": null,
                    "name": "title",
                    "variant": "normal",
                    "attributes": {},
                    "classes": [],
                    "nodes": [
                      {
                        "text": "Här kan man va"
                      }
                    ]
                  }
                }
              ]
            }
          },
          {
            "element": {
              "id": null,
              "name": "body",
              "variant": "normal",
              "attributes": {},
              "classes": [],
              "nodes": [
                {
                  "element": {
                    "id": null,
                    "name": "h1",
                    "variant": "normal",
                    "attributes": {},
                    "classes": [],
                    "nodes": [
                      {
                        "text": "Tjena världen!"
                      }
                    ]
                  }
                },
                {
                  "element": {
                    "id": null,
                    "name": "p",
                    "variant": "normal",
                    "attributes": {},
                    "classes": [],
                    "nodes": [
                      {
                        "text": "Tänkte bara informera om att Sverige är bättre än Finland i ishockey."
                      }
                    ]
                  }
                }
              ]
            }
          }
        ]
      }
    }
  ]
}
