---
source: tests/output.rs
expression: ast
---
{
  "treeType": "document",
  "nodes": [
    {
      "name": "html",
      "variant": "normal",
      "attributes": {
        "lang": "sv"
      },
      "nodes": [
        {
          "name": "head",
          "variant": "normal",
          "nodes": [
            {
              "name": "title",
              "variant": "normal",
              "nodes": [
                "Här kan man va"
              ]
            }
          ]
        },
        {
          "name": "body",
          "variant": "normal",
          "nodes": [
            {
              "name": "h1",
              "variant": "normal",
              "nodes": [
                "Tjena världen!"
              ]
            },
            {
              "name": "p",
              "variant": "normal",
              "nodes": [
                "Tänkte bara informera om att Sverige är bättre än Finland i ishockey."
              ]
            }
          ]
        }
      ]
    }
  ]
}
