---
source: tests/svg.rs
expression: ast
---
{
  "treeType": "documentFragment",
  "nodes": [
    {
      "element": {
        "id": null,
        "name": "svg",
        "variant": "normal",
        "attributes": {
          "xmlns": "http://www.w3.org/2000/svg",
          "xmlns:xlink": "http://www.w3.org/1999/xlink"
        },
        "classes": [],
        "nodes": [
          {
            "element": {
              "id": null,
              "name": "rect",
              "variant": "void",
              "attributes": {
                "height": "100",
                "style": "stroke:#ff0000; fill: #0000ff",
                "width": "100",
                "x": "10",
                "y": "10"
              },
              "classes": [],
              "nodes": []
            }
          }
        ]
      }
    }
  ]
}
