---
source: tests/text.rs
expression: ast
---
{
  "treeType": "documentFragment",
  "nodes": [
    {
      "text": "hello world\nhere's another line for you!"
    },
    {
      "element": {
        "id": null,
        "name": "div",
        "variant": "void",
        "attributes": {},
        "classes": [],
        "nodes": []
      }
    },
    {
      "text": "The end"
    }
  ]
}
